Archive member included to satisfy reference by file (symbol)

d:/programas/atollic truestudio/truestudio for stm32 9.3.0/armtools/bin/../lib/gcc/arm-atollic-eabi/6.3.1/../../../../arm-atollic-eabi/lib/armv7e-m/fpu\libc_nano.a(lib_a-errno.o)
                              Core\Src\syscalls.o (__errno)
d:/programas/atollic truestudio/truestudio for stm32 9.3.0/armtools/bin/../lib/gcc/arm-atollic-eabi/6.3.1/../../../../arm-atollic-eabi/lib/armv7e-m/fpu\libc_nano.a(lib_a-impure.o)
                              d:/programas/atollic truestudio/truestudio for stm32 9.3.0/armtools/bin/../lib/gcc/arm-atollic-eabi/6.3.1/../../../../arm-atollic-eabi/lib/armv7e-m/fpu\libc_nano.a(lib_a-errno.o) (_impure_ptr)
d:/programas/atollic truestudio/truestudio for stm32 9.3.0/armtools/bin/../lib/gcc/arm-atollic-eabi/6.3.1/../../../../arm-atollic-eabi/lib/armv7e-m/fpu\libc_nano.a(lib_a-init.o)
                              startup\startup_stm32l476xx.o (__libc_init_array)
d:/programas/atollic truestudio/truestudio for stm32 9.3.0/armtools/bin/../lib/gcc/arm-atollic-eabi/6.3.1/../../../../arm-atollic-eabi/lib/armv7e-m/fpu\libc_nano.a(lib_a-memset.o)
                              Core\Src\adc.o (memset)
d:/programas/atollic truestudio/truestudio for stm32 9.3.0/armtools/bin/../lib/gcc/arm-atollic-eabi/6.3.1/armv7e-m/fpu\libgcc.a(_aeabi_uldivmod.o)
                              Drivers\STM32L4xx_HAL_Driver\Src\stm32l4xx_hal_uart.o (__aeabi_uldivmod)
d:/programas/atollic truestudio/truestudio for stm32 9.3.0/armtools/bin/../lib/gcc/arm-atollic-eabi/6.3.1/armv7e-m/fpu\libgcc.a(_udivmoddi4.o)
                              d:/programas/atollic truestudio/truestudio for stm32 9.3.0/armtools/bin/../lib/gcc/arm-atollic-eabi/6.3.1/armv7e-m/fpu\libgcc.a(_aeabi_uldivmod.o) (__udivmoddi4)
d:/programas/atollic truestudio/truestudio for stm32 9.3.0/armtools/bin/../lib/gcc/arm-atollic-eabi/6.3.1/armv7e-m/fpu\libgcc.a(_dvmd_tls.o)
                              d:/programas/atollic truestudio/truestudio for stm32 9.3.0/armtools/bin/../lib/gcc/arm-atollic-eabi/6.3.1/armv7e-m/fpu\libgcc.a(_aeabi_uldivmod.o) (__aeabi_ldiv0)

Allocating common symbols
Common symbol       size              file

ADC_Buffer          0x4               Core\Src\main.o
hdac1               0x14              Core\Src\dac.o
TimerData           0x4               Core\Src\main.o
uwTick              0x4               Drivers\STM32L4xx_HAL_Driver\Src\stm32l4xx_hal.o
hdma_dac_ch1        0x48              Core\Src\dac.o
hadc1               0x64              Core\Src\adc.o
hdma_adc1           0x48              Core\Src\adc.o
DAC_Buffer          0x40              Core\Src\main.o
htim2               0x40              Core\Src\tim.o
huart2              0x80              Core\Src\usart.o

Discarded input sections

 .text          0x00000000        0x0 d:/programas/atollic truestudio/truestudio for stm32 9.3.0/armtools/bin/../lib/gcc/arm-atollic-eabi/6.3.1/armv7e-m/fpu/crti.o
 .data          0x00000000        0x0 d:/programas/atollic truestudio/truestudio for stm32 9.3.0/armtools/bin/../lib/gcc/arm-atollic-eabi/6.3.1/armv7e-m/fpu/crti.o
 .bss           0x00000000        0x0 d:/programas/atollic truestudio/truestudio for stm32 9.3.0/armtools/bin/../lib/gcc/arm-atollic-eabi/6.3.1/armv7e-m/fpu/crti.o
 .data          0x00000000        0x4 d:/programas/atollic truestudio/truestudio for stm32 9.3.0/armtools/bin/../lib/gcc/arm-atollic-eabi/6.3.1/armv7e-m/fpu/crtbegin.o
 .text          0x00000000        0x0 Core\Src\adc.o
 .data          0x00000000        0x0 Core\Src\adc.o
 .bss           0x00000000        0x0 Core\Src\adc.o
 .text.HAL_ADC_MspDeInit
                0x00000000       0x34 Core\Src\adc.o
 .text          0x00000000        0x0 Core\Src\dac.o
 .data          0x00000000        0x0 Core\Src\dac.o
 .bss           0x00000000        0x0 Core\Src\dac.o
 .text.HAL_DAC_MspDeInit
                0x00000000       0x34 Core\Src\dac.o
 .text          0x00000000        0x0 Core\Src\dma.o
 .data          0x00000000        0x0 Core\Src\dma.o
 .bss           0x00000000        0x0 Core\Src\dma.o
 .text          0x00000000        0x0 Core\Src\gpio.o
 .data          0x00000000        0x0 Core\Src\gpio.o
 .bss           0x00000000        0x0 Core\Src\gpio.o
 .text          0x00000000        0x0 Core\Src\main.o
 .data          0x00000000        0x0 Core\Src\main.o
 .bss           0x00000000        0x0 Core\Src\main.o
 .text          0x00000000        0x0 Core\Src\stm32l4xx_hal_msp.o
 .data          0x00000000        0x0 Core\Src\stm32l4xx_hal_msp.o
 .bss           0x00000000        0x0 Core\Src\stm32l4xx_hal_msp.o
 .text          0x00000000        0x0 Core\Src\stm32l4xx_it.o
 .data          0x00000000        0x0 Core\Src\stm32l4xx_it.o
 .bss           0x00000000        0x0 Core\Src\stm32l4xx_it.o
 .text          0x00000000        0x0 Core\Src\syscalls.o
 .data          0x00000000        0x0 Core\Src\syscalls.o
 .bss           0x00000000        0x0 Core\Src\syscalls.o
 .text.initialise_monitor_handles
[...]
Memory Configuration

Name             Origin             Length             Attributes
RAM              0x20000000         0x00018000         xrw
RAM2             0x10000000         0x00008000         xrw
FLASH            0x08000000         0x00100000         xr
*default*        0x00000000         0xffffffff

Linker script and memory map

LOAD d:/programas/atollic truestudio/truestudio for stm32 9.3.0/armtools/bin/../lib/gcc/arm-atollic-eabi/6.3.1/armv7e-m/fpu/crti.o
LOAD d:/programas/atollic truestudio/truestudio for stm32 9.3.0/armtools/bin/../lib/gcc/arm-atollic-eabi/6.3.1/armv7e-m/fpu/crtbegin.o
LOAD Core\Src\adc.o
LOAD Core\Src\dac.o
LOAD Core\Src\dma.o
LOAD Core\Src\gpio.o
LOAD Core\Src\main.o
LOAD Core\Src\stm32l4xx_hal_msp.o
LOAD Core\Src\stm32l4xx_it.o
LOAD Core\Src\syscalls.o
LOAD Core\Src\system_stm32l4xx.o
LOAD Core\Src\tim.o
LOAD Core\Src\usart.o
LOAD Drivers\STM32L4xx_HAL_Driver\Src\stm32l4xx_hal.o
LOAD Drivers\STM32L4xx_HAL_Driver\Src\stm32l4xx_hal_adc.o
LOAD Drivers\STM32L4xx_HAL_Driver\Src\stm32l4xx_hal_adc_ex.o
LOAD Drivers\STM32L4xx_HAL_Driver\Src\stm32l4xx_hal_cortex.o
LOAD Drivers\STM32L4xx_HAL_Driver\Src\stm32l4xx_hal_dac.o
LOAD Drivers\STM32L4xx_HAL_Driver\Src\stm32l4xx_hal_dac_ex.o
LOAD Drivers\STM32L4xx_HAL_Driver\Src\stm32l4xx_hal_dma.o
LOAD Drivers\STM32L4xx_HAL_Driver\Src\stm32l4xx_hal_dma_ex.o
LOAD Drivers\STM32L4xx_HAL_Driver\Src\stm32l4xx_hal_exti.o
LOAD Drivers\STM32L4xx_HAL_Driver\Src\stm32l4xx_hal_flash.o
LOAD Drivers\STM32L4xx_HAL_Driver\Src\stm32l4xx_hal_flash_ex.o
LOAD Drivers\STM32L4xx_HAL_Driver\Src\stm32l4xx_hal_flash_ramfunc.o
LOAD Drivers\STM32L4xx_HAL_Driver\Src\stm32l4xx_hal_gpio.o
LOAD Drivers\STM32L4xx_HAL_Driver\Src\stm32l4xx_hal_i2c.o
LOAD Drivers\STM32L4xx_HAL_Driver\Src\stm32l4xx_hal_i2c_ex.o
LOAD Drivers\STM32L4xx_HAL_Driver\Src\stm32l4xx_hal_pwr.o
LOAD Drivers\STM32L4xx_HAL_Driver\Src\stm32l4xx_hal_pwr_ex.o
LOAD Drivers\STM32L4xx_HAL_Driver\Src\stm32l4xx_hal_rcc.o
LOAD Drivers\STM32L4xx_HAL_Driver\Src\stm32l4xx_hal_rcc_ex.o
LOAD Drivers\STM32L4xx_HAL_Driver\Src\stm32l4xx_hal_tim.o
LOAD Drivers\STM32L4xx_HAL_Driver\Src\stm32l4xx_hal_tim_ex.o
LOAD Drivers\STM32L4xx_HAL_Driver\Src\stm32l4xx_hal_uart.o
LOAD Drivers\STM32L4xx_HAL_Driver\Src\stm32l4xx_hal_uart_ex.o
LOAD startup\startup_stm32l476xx.o
                0x00000080                malloc_getpagesize_P = 0x80
START GROUP
LOAD d:/programas/atollic truestudio/truestudio for stm32 9.3.0/armtools/bin/../lib/gcc/arm-atollic-eabi/6.3.1/../../../../arm-atollic-eabi/lib/armv7e-m/fpu\libc_nano.a
LOAD d:/programas/atollic truestudio/truestudio for stm32 9.3.0/armtools/bin/../lib/gcc/arm-atollic-eabi/6.3.1/../../../../arm-atollic-eabi/lib/armv7e-m/fpu\libm.a
END GROUP
START GROUP
LOAD d:/programas/atollic truestudio/truestudio for stm32 9.3.0/armtools/bin/../lib/gcc/arm-atollic-eabi/6.3.1/armv7e-m/fpu\libgcc.a
LOAD d:/programas/atollic truestudio/truestudio for stm32 9.3.0/armtools/bin/../lib/gcc/arm-atollic-eabi/6.3.1/../../../../arm-atollic-eabi/lib/armv7e-m/fpu\libc_nano.a
END GROUP
START GROUP
LOAD d:/programas/atollic truestudio/truestudio for stm32 9.3.0/armtools/bin/../lib/gcc/arm-atollic-eabi/6.3.1/armv7e-m/fpu\libgcc.a
LOAD d:/programas/atollic truestudio/truestudio for stm32 9.3.0/armtools/bin/../lib/gcc/arm-atollic-eabi/6.3.1/../../../../arm-atollic-eabi/lib/armv7e-m/fpu\libc_nano.a
LOAD d:/programas/atollic truestudio/truestudio for stm32 9.3.0/armtools/bin/../lib/gcc/arm-atollic-eabi/6.3.1/../../../../arm-atollic-eabi/lib/armv7e-m/fpu\libnosys.a
END GROUP
START GROUP
LOAD d:/programas/atollic truestudio/truestudio for stm32 9.3.0/armtools/bin/../lib/gcc/arm-atollic-eabi/6.3.1/armv7e-m/fpu\libgcc.a
LOAD d:/programas/atollic truestudio/truestudio for stm32 9.3.0/armtools/bin/../lib/gcc/arm-atollic-eabi/6.3.1/../../../../arm-atollic-eabi/lib/armv7e-m/fpu\libc_nano.a
LOAD d:/programas/atollic truestudio/truestudio for stm32 9.3.0/armtools/bin/../lib/gcc/arm-atollic-eabi/6.3.1/../../../../arm-atollic-eabi/lib/armv7e-m/fpu\libnosys.a
END GROUP
LOAD d:/programas/atollic truestudio/truestudio for stm32 9.3.0/armtools/bin/../lib/gcc/arm-atollic-eabi/6.3.1/armv7e-m/fpu/crtend.o
LOAD d:/programas/atollic truestudio/truestudio for stm32 9.3.0/armtools/bin/../lib/gcc/arm-atollic-eabi/6.3.1/armv7e-m/fpu/crtn.o
                0x20018000                _estack = 0x20018000
                0x00000200                _Min_Heap_Size = 0x200
                0x00000400                _Min_Stack_Size = 0x400

.isr_vector     0x08000000      0x188
                0x08000000                . = ALIGN (0x4)
 *(.isr_vector)
 .isr_vector    0x08000000      0x188 startup\startup_stm32l476xx.o
                0x08000000                g_pfnVectors
                0x08000188                . = ALIGN (0x4)

.text           0x08000188     0x364c
                0x08000188                . = ALIGN (0x4)
 *(.text)
 .text          0x08000188       0x40 d:/programas/atollic truestudio/truestudio for stm32 9.3.0/armtools/bin/../lib/gcc/arm-atollic-eabi/6.3.1/armv7e-m/fpu/crtbegin.o
 .text          0x080001c8       0x30 d:/programas/atollic truestudio/truestudio for stm32 9.3.0/armtools/bin/../lib/gcc/arm-atollic-eabi/6.3.1/armv7e-m/fpu\libgcc.a(_aeabi_uldivmod.o)
                0x080001c8                __aeabi_uldivmod
 .text          0x080001f8      0x2dc d:/programas/atollic truestudio/truestudio for stm32 9.3.0/armtools/bin/../lib/gcc/arm-atollic-eabi/6.3.1/armv7e-m/fpu\libgcc.a(_udivmoddi4.o)
                0x080001f8                __udivmoddi4
 .text          0x080004d4        0x4 d:/programas/atollic truestudio/truestudio for stm32 9.3.0/armtools/bin/../lib/gcc/arm-atollic-eabi/6.3.1/armv7e-m/fpu\libgcc.a(_dvmd_tls.o)
                0x080004d4                __aeabi_idiv0
                0x080004d4                __aeabi_ldiv0
 *(.text*)
 .text.MX_ADC1_Init
                0x080004d8       0x94 Core\Src\adc.o
                0x080004d8                MX_ADC1_Init
 .text.HAL_ADC_MspInit
                0x0800056c       0x9c Core\Src\adc.o
                0x0800056c                HAL_ADC_MspInit
 .text.MX_DAC1_Init
                0x08000608       0x54 Core\Src\dac.o
                0x08000608                MX_DAC1_Init
 .text.HAL_DAC_MspInit
                0x0800065c       0x98 Core\Src\dac.o
                0x0800065c                HAL_DAC_MspInit
 .text.MX_DMA_Init
                0x080006f4       0x40 Core\Src\dma.o
                0x080006f4                MX_DMA_Init
 .text.MX_GPIO_Init
                0x08000734       0xa4 Core\Src\gpio.o
                0x08000734                MX_GPIO_Init
 .text.SystemClock_Config
                0x080007d8       0x94 Core\Src\main.o
                0x080007d8                SystemClock_Config
 .text.startup.main
                0x0800086c       0x94 Core\Src\main.o
                0x0800086c                main
 .text.Error_Handler
                0x08000900        0x2 Core\Src\main.o
                0x08000900                Error_Handler
 *fill*         0x08000902        0x2 
 .text.HAL_MspInit
                0x08000904       0x30 Core\Src\stm32l4xx_hal_msp.o
                0x08000904                HAL_MspInit
 .text.NMI_Handler
                0x08000934        0x2 Core\Src\stm32l4xx_it.o
                0x08000934                NMI_Handler
 .text.HardFault_Handler
                0x08000936        0x2 Core\Src\stm32l4xx_it.o
                0x08000936                HardFault_Handler
 .text.MemManage_Handler
                0x08000938        0x2 Core\Src\stm32l4xx_it.o
                0x08000938                MemManage_Handler
 .text.BusFault_Handler
                0x0800093a        0x2 Core\Src\stm32l4xx_it.o
                0x0800093a                BusFault_Handler
 .text.UsageFault_Handler
                0x0800093c        0x2 Core\Src\stm32l4xx_it.o
                0x0800093c                UsageFault_Handler
 .text.SVC_Handler
                0x0800093e        0x2 Core\Src\stm32l4xx_it.o
                0x0800093e                SVC_Handler
 .text.DebugMon_Handler
                0x08000940        0x2 Core\Src\stm32l4xx_it.o
                0x08000940                DebugMon_Handler
 .text.PendSV_Handler
                0x08000942        0x2 Core\Src\stm32l4xx_it.o
                0x08000942                PendSV_Handler
 .text.SysTick_Handler
                0x08000944        0x4 Core\Src\stm32l4xx_it.o
                0x08000944                SysTick_Handler
 .text.DMA1_Channel1_IRQHandler
                0x08000948        0xc Core\Src\stm32l4xx_it.o
                0x08000948                DMA1_Channel1_IRQHandler
 .text.DMA1_Channel3_IRQHandler
                0x08000954        0xc Core\Src\stm32l4xx_it.o
                0x08000954                DMA1_Channel3_IRQHandler
 .text.SystemInit
                0x08000960       0x48 Core\Src\system_stm32l4xx.o
                0x08000960                SystemInit
 .text.MX_TIM2_Init
                0x080009a8       0x9c Core\Src\tim.o
                0x080009a8                MX_TIM2_Init
 .text.HAL_TIM_Base_MspInit
                0x08000a44       0x24 Core\Src\tim.o
                0x08000a44                HAL_TIM_Base_MspInit
 .text.MX_USART2_UART_Init
                0x08000a68       0x3c Core\Src\usart.o
                0x08000a68                MX_USART2_UART_Init
 .text.HAL_UART_MspInit
                0x08000aa4       0x64 Core\Src\usart.o
                0x08000aa4                HAL_UART_MspInit
 .text.HAL_InitTick
                0x08000b08       0x4c Drivers\STM32L4xx_HAL_Driver\Src\stm32l4xx_hal.o
                0x08000b08                HAL_InitTick
 .text.HAL_Init
                0x08000b54       0x2c Drivers\STM32L4xx_HAL_Driver\Src\stm32l4xx_hal.o
                0x08000b54                HAL_Init
 .text.HAL_IncTick
                0x08000b80       0x18 Drivers\STM32L4xx_HAL_Driver\Src\stm32l4xx_hal.o
                0x08000b80                HAL_IncTick
 .text.HAL_GetTick
                0x08000b98        0xc Drivers\STM32L4xx_HAL_Driver\Src\stm32l4xx_hal.o
                0x08000b98                HAL_GetTick
 .text.HAL_Delay
                0x08000ba4       0x28 Drivers\STM32L4xx_HAL_Driver\Src\stm32l4xx_hal.o
                0x08000ba4                HAL_Delay
 .text.LL_ADC_SetChannelSamplingTime
                0x08000bcc       0x22 Drivers\STM32L4xx_HAL_Driver\Src\stm32l4xx_hal_adc.o
 .text.LL_ADC_IsEnabled
                0x08000bee        0x8 Drivers\STM32L4xx_HAL_Driver\Src\stm32l4xx_hal_adc.o
 .text.LL_ADC_REG_IsConversionOngoing
                0x08000bf6        0x8 Drivers\STM32L4xx_HAL_Driver\Src\stm32l4xx_hal_adc.o
 *fill*         0x08000bfe        0x2 
 .text.HAL_ADC_Init
                0x08000c00      0x1c0 Drivers\STM32L4xx_HAL_Driver\Src\stm32l4xx_hal_adc.o
                0x08000c00                HAL_ADC_Init
 .text.HAL_ADC_ConvCpltCallback
                0x08000dc0        0x2 Drivers\STM32L4xx_HAL_Driver\Src\stm32l4xx_hal_adc.o
                0x08000dc0                HAL_ADC_ConvCpltCallback
 .text.HAL_ADC_ConvHalfCpltCallback
                0x08000dc2        0x2 Drivers\STM32L4xx_HAL_Driver\Src\stm32l4xx_hal_adc.o
                0x08000dc2                HAL_ADC_ConvHalfCpltCallback
 .text.ADC_DMAHalfConvCplt
                0x08000dc4        0xa Drivers\STM32L4xx_HAL_Driver\Src\stm32l4xx_hal_adc.o
                0x08000dc4                ADC_DMAHalfConvCplt
 .text.HAL_ADC_ErrorCallback
                0x08000dce        0x2 Drivers\STM32L4xx_HAL_Driver\Src\stm32l4xx_hal_adc.o
                0x08000dce                HAL_ADC_ErrorCallback
 .text.ADC_DMAConvCplt
                0x08000dd0       0x68 Drivers\STM32L4xx_HAL_Driver\Src\stm32l4xx_hal_adc.o
                0x08000dd0                ADC_DMAConvCplt
 .text.ADC_DMAError
                0x08000e38       0x1a Drivers\STM32L4xx_HAL_Driver\Src\stm32l4xx_hal_adc.o
                0x08000e38                ADC_DMAError
 *fill*         0x08000e52        0x2 
 .text.HAL_ADC_ConfigChannel
                0x08000e54      0x3ac Drivers\STM32L4xx_HAL_Driver\Src\stm32l4xx_hal_adc.o
                0x08000e54                HAL_ADC_ConfigChannel
 .text.ADC_Enable
                0x08001200       0x70 Drivers\STM32L4xx_HAL_Driver\Src\stm32l4xx_hal_adc.o
                0x08001200                ADC_Enable
 .text.HAL_ADC_Start_DMA
                0x08001270       0xfc Drivers\STM32L4xx_HAL_Driver\Src\stm32l4xx_hal_adc.o
                0x08001270                HAL_ADC_Start_DMA
 .text.ADC_Disable
                0x0800136c       0x66 Drivers\STM32L4xx_HAL_Driver\Src\stm32l4xx_hal_adc.o
                0x0800136c                ADC_Disable
 .text.LL_ADC_IsEnabled
                0x080013d2        0x8 Drivers\STM32L4xx_HAL_Driver\Src\stm32l4xx_hal_adc_ex.o
 .text.LL_ADC_REG_IsConversionOngoing
                0x080013da        0x8 Drivers\STM32L4xx_HAL_Driver\Src\stm32l4xx_hal_adc_ex.o
 *fill*         0x080013e2        0x2 
 .text.HAL_ADCEx_Calibration_Start
                0x080013e4       0x94 Drivers\STM32L4xx_HAL_Driver\Src\stm32l4xx_hal_adc_ex.o
                0x080013e4                HAL_ADCEx_Calibration_Start
 .text.HAL_ADCEx_MultiModeConfigChannel
                0x08001478       0xf0 Drivers\STM32L4xx_HAL_Driver\Src\stm32l4xx_hal_adc_ex.o
                0x08001478                HAL_ADCEx_MultiModeConfigChannel
 .text.HAL_NVIC_SetPriorityGrouping
                0x08001568       0x24 Drivers\STM32L4xx_HAL_Driver\Src\stm32l4xx_hal_cortex.o
                0x08001568                HAL_NVIC_SetPriorityGrouping
 .text.HAL_NVIC_SetPriority
                0x0800158c       0x68 Drivers\STM32L4xx_HAL_Driver\Src\stm32l4xx_hal_cortex.o
                0x0800158c                HAL_NVIC_SetPriority
 .text.HAL_NVIC_EnableIRQ
                0x080015f4       0x1c Drivers\STM32L4xx_HAL_Driver\Src\stm32l4xx_hal_cortex.o
                0x080015f4                HAL_NVIC_EnableIRQ
 .text.HAL_SYSTICK_Config
                0x08001610       0x2c Drivers\STM32L4xx_HAL_Driver\Src\stm32l4xx_hal_cortex.o
                0x08001610                HAL_SYSTICK_Config
 .text.HAL_DAC_Init
                0x0800163c       0x26 Drivers\STM32L4xx_HAL_Driver\Src\stm32l4xx_hal_dac.o
                0x0800163c                HAL_DAC_Init
 *fill*         0x08001662        0x2 
 .text.HAL_DAC_Start_DMA
                0x08001664       0xd8 Drivers\STM32L4xx_HAL_Driver\Src\stm32l4xx_hal_dac.o
                0x08001664                HAL_DAC_Start_DMA
 .text.HAL_DAC_ConvCpltCallbackCh1
                0x0800173c        0x2 Drivers\STM32L4xx_HAL_Driver\Src\stm32l4xx_hal_dac.o
                0x0800173c                HAL_DAC_ConvCpltCallbackCh1
 .text.DAC_DMAConvCpltCh1
                0x0800173e       0x10 Drivers\STM32L4xx_HAL_Driver\Src\stm32l4xx_hal_dac.o
                0x0800173e                DAC_DMAConvCpltCh1
 .text.HAL_DAC_ConvHalfCpltCallbackCh1
                0x0800174e        0x2 Drivers\STM32L4xx_HAL_Driver\Src\stm32l4xx_hal_dac.o
                0x0800174e                HAL_DAC_ConvHalfCpltCallbackCh1
 .text.DAC_DMAHalfConvCpltCh1
                0x08001750        0xa Drivers\STM32L4xx_HAL_Driver\Src\stm32l4xx_hal_dac.o
                0x08001750                DAC_DMAHalfConvCpltCh1
 .text.HAL_DAC_ErrorCallbackCh1
                0x0800175a        0x2 Drivers\STM32L4xx_HAL_Driver\Src\stm32l4xx_hal_dac.o
                0x0800175a                HAL_DAC_ErrorCallbackCh1
 .text.DAC_DMAErrorCh1
                0x0800175c       0x18 Drivers\STM32L4xx_HAL_Driver\Src\stm32l4xx_hal_dac.o
                0x0800175c                DAC_DMAErrorCh1
 .text.HAL_DAC_ConfigChannel
                0x08001774      0x112 Drivers\STM32L4xx_HAL_Driver\Src\stm32l4xx_hal_dac.o
                0x08001774                HAL_DAC_ConfigChannel
 .text.HAL_DACEx_ConvCpltCallbackCh2
                0x08001886        0x2 Drivers\STM32L4xx_HAL_Driver\Src\stm32l4xx_hal_dac_ex.o
                0x08001886                HAL_DACEx_ConvCpltCallbackCh2
 .text.HAL_DACEx_ConvHalfCpltCallbackCh2
                0x08001888        0x2 Drivers\STM32L4xx_HAL_Driver\Src\stm32l4xx_hal_dac_ex.o
                0x08001888                HAL_DACEx_ConvHalfCpltCallbackCh2
 .text.HAL_DACEx_ErrorCallbackCh2
                0x0800188a        0x2 Drivers\STM32L4xx_HAL_Driver\Src\stm32l4xx_hal_dac_ex.o
                0x0800188a                HAL_DACEx_ErrorCallbackCh2
 .text.HAL_DACEx_SelfCalibrate
                0x0800188c      0x10a Drivers\STM32L4xx_HAL_Driver\Src\stm32l4xx_hal_dac_ex.o
                0x0800188c                HAL_DACEx_SelfCalibrate
 .text.DAC_DMAConvCpltCh2
                0x08001996       0x10 Drivers\STM32L4xx_HAL_Driver\Src\stm32l4xx_hal_dac_ex.o
                0x08001996                DAC_DMAConvCpltCh2
 .text.DAC_DMAHalfConvCpltCh2
                0x080019a6        0xa Drivers\STM32L4xx_HAL_Driver\Src\stm32l4xx_hal_dac_ex.o
                0x080019a6                DAC_DMAHalfConvCpltCh2
 .text.DAC_DMAErrorCh2
                0x080019b0       0x18 Drivers\STM32L4xx_HAL_Driver\Src\stm32l4xx_hal_dac_ex.o
                0x080019b0                DAC_DMAErrorCh2
 .text.HAL_DMA_Init
                0x080019c8       0xc4 Drivers\STM32L4xx_HAL_Driver\Src\stm32l4xx_hal_dma.o
                0x080019c8                HAL_DMA_Init
 .text.HAL_DMA_Start_IT
                0x08001a8c       0x80 Drivers\STM32L4xx_HAL_Driver\Src\stm32l4xx_hal_dma.o
                0x08001a8c                HAL_DMA_Start_IT
 .text.HAL_DMA_IRQHandler
                0x08001b0c       0x94 Drivers\STM32L4xx_HAL_Driver\Src\stm32l4xx_hal_dma.o
                0x08001b0c                HAL_DMA_IRQHandler
 .text.HAL_GPIO_Init
                0x08001ba0      0x1b8 Drivers\STM32L4xx_HAL_Driver\Src\stm32l4xx_hal_gpio.o
                0x08001ba0                HAL_GPIO_Init
 .text.HAL_GPIO_WritePin
                0x08001d58        0xa Drivers\STM32L4xx_HAL_Driver\Src\stm32l4xx_hal_gpio.o
                0x08001d58                HAL_GPIO_WritePin
 *fill*         0x08001d62        0x2 
 .text.HAL_PWREx_GetVoltageRange
                0x08001d64       0x10 Drivers\STM32L4xx_HAL_Driver\Src\stm32l4xx_hal_pwr_ex.o
                0x08001d64                HAL_PWREx_GetVoltageRange
 .text.HAL_PWREx_ControlVoltageScaling
                0x08001d74       0x6c Drivers\STM32L4xx_HAL_Driver\Src\stm32l4xx_hal_pwr_ex.o
                0x08001d74                HAL_PWREx_ControlVoltageScaling
 .text.RCC_SetFlashLatencyFromMSIRange
                0x08001de0       0x84 Drivers\STM32L4xx_HAL_Driver\Src\stm32l4xx_hal_rcc.o
 .text.HAL_RCC_GetSysClockFreq
                0x08001e64       0x9c Drivers\STM32L4xx_HAL_Driver\Src\stm32l4xx_hal_rcc.o
                0x08001e64                HAL_RCC_GetSysClockFreq
 .text.HAL_RCC_OscConfig
                0x08001f00      0x50c Drivers\STM32L4xx_HAL_Driver\Src\stm32l4xx_hal_rcc.o
                0x08001f00                HAL_RCC_OscConfig
 .text.HAL_RCC_ClockConfig
                0x0800240c      0x12c Drivers\STM32L4xx_HAL_Driver\Src\stm32l4xx_hal_rcc.o
                0x0800240c                HAL_RCC_ClockConfig
 .text.HAL_RCC_GetPCLK1Freq
                0x08002538       0x24 Drivers\STM32L4xx_HAL_Driver\Src\stm32l4xx_hal_rcc.o
                0x08002538                HAL_RCC_GetPCLK1Freq
 .text.HAL_RCC_GetPCLK2Freq
                0x0800255c       0x24 Drivers\STM32L4xx_HAL_Driver\Src\stm32l4xx_hal_rcc.o
                0x0800255c                HAL_RCC_GetPCLK2Freq
 .text.RCCEx_PLLSAI1_Config
                0x08002580      0x11c Drivers\STM32L4xx_HAL_Driver\Src\stm32l4xx_hal_rcc_ex.o
 .text.RCCEx_PLLSAI2_Config
                0x0800269c       0xfc Drivers\STM32L4xx_HAL_Driver\Src\stm32l4xx_hal_rcc_ex.o
 .text.HAL_RCCEx_PeriphCLKConfig
                0x08002798      0x3d0 Drivers\STM32L4xx_HAL_Driver\Src\stm32l4xx_hal_rcc_ex.o
                0x08002798                HAL_RCCEx_PeriphCLKConfig
 .text.TIM_OC1_SetConfig
                0x08002b68       0x98 Drivers\STM32L4xx_HAL_Driver\Src\stm32l4xx_hal_tim.o
 .text.TIM_OC3_SetConfig
                0x08002c00       0x88 Drivers\STM32L4xx_HAL_Driver\Src\stm32l4xx_hal_tim.o
 .text.TIM_OC4_SetConfig
                0x08002c88       0x68 Drivers\STM32L4xx_HAL_Driver\Src\stm32l4xx_hal_tim.o
 .text.TIM_OC5_SetConfig
                0x08002cf0       0x68 Drivers\STM32L4xx_HAL_Driver\Src\stm32l4xx_hal_tim.o
 .text.TIM_OC6_SetConfig
                0x08002d58       0x68 Drivers\STM32L4xx_HAL_Driver\Src\stm32l4xx_hal_tim.o
 .text.HAL_TIM_Base_Start
                0x08002dc0       0x30 Drivers\STM32L4xx_HAL_Driver\Src\stm32l4xx_hal_tim.o
                0x08002dc0                HAL_TIM_Base_Start
 .text.HAL_TIM_OC_MspInit
                0x08002df0        0x2 Drivers\STM32L4xx_HAL_Driver\Src\stm32l4xx_hal_tim.o
                0x08002df0                HAL_TIM_OC_MspInit
 *fill*         0x08002df2        0x2 
 .text.TIM_Base_SetConfig
                0x08002df4       0xcc Drivers\STM32L4xx_HAL_Driver\Src\stm32l4xx_hal_tim.o
                0x08002df4                TIM_Base_SetConfig
 .text.HAL_TIM_Base_Init
                0x08002ec0       0x34 Drivers\STM32L4xx_HAL_Driver\Src\stm32l4xx_hal_tim.o
                0x08002ec0                HAL_TIM_Base_Init
 .text.HAL_TIM_OC_Init
                0x08002ef4       0x34 Drivers\STM32L4xx_HAL_Driver\Src\stm32l4xx_hal_tim.o
                0x08002ef4                HAL_TIM_OC_Init
 .text.TIM_OC2_SetConfig
                0x08002f28       0x8c Drivers\STM32L4xx_HAL_Driver\Src\stm32l4xx_hal_tim.o
                0x08002f28                TIM_OC2_SetConfig
 .text.HAL_TIM_OC_ConfigChannel
                0x08002fb4       0x70 Drivers\STM32L4xx_HAL_Driver\Src\stm32l4xx_hal_tim.o
                0x08002fb4                HAL_TIM_OC_ConfigChannel
 .text.TIM_ETR_SetConfig
                0x08003024       0x14 Drivers\STM32L4xx_HAL_Driver\Src\stm32l4xx_hal_tim.o
                0x08003024                TIM_ETR_SetConfig
 .text.HAL_TIM_ConfigClockSource
                0x08003038      0x128 Drivers\STM32L4xx_HAL_Driver\Src\stm32l4xx_hal_tim.o
                0x08003038                HAL_TIM_ConfigClockSource
 .text.HAL_TIMEx_MasterConfigSynchronization
                0x08003160       0x94 Drivers\STM32L4xx_HAL_Driver\Src\stm32l4xx_hal_tim_ex.o
                0x08003160                HAL_TIMEx_MasterConfigSynchronization
 .text.UART_SetConfig
                0x080031f4      0x330 Drivers\STM32L4xx_HAL_Driver\Src\stm32l4xx_hal_uart.o
                0x080031f4                UART_SetConfig
 .text.UART_AdvFeatureConfig
                0x08003524       0xa8 Drivers\STM32L4xx_HAL_Driver\Src\stm32l4xx_hal_uart.o
                0x08003524                UART_AdvFeatureConfig
 .text.UART_WaitOnFlagUntilTimeout
                0x080035cc       0x86 Drivers\STM32L4xx_HAL_Driver\Src\stm32l4xx_hal_uart.o
                0x080035cc                UART_WaitOnFlagUntilTimeout
 .text.UART_CheckIdleState
                0x08003652       0x60 Drivers\STM32L4xx_HAL_Driver\Src\stm32l4xx_hal_uart.o
                0x08003652                UART_CheckIdleState
 .text.HAL_UART_Init
                0x080036b2       0x5c Drivers\STM32L4xx_HAL_Driver\Src\stm32l4xx_hal_uart.o
                0x080036b2                HAL_UART_Init
 *fill*         0x0800370e        0x2 
 .text.Reset_Handler
                0x08003710       0x50 startup\startup_stm32l476xx.o
                0x08003710                Reset_Handler
 .text.Default_Handler
                0x08003760        0x2 startup\startup_stm32l476xx.o
                0x08003760                RTC_Alarm_IRQHandler
                0x08003760                EXTI2_IRQHandler
                0x08003760                TIM8_TRG_COM_IRQHandler
                0x08003760                TIM8_CC_IRQHandler
                0x08003760                TIM1_CC_IRQHandler
                0x08003760                TSC_IRQHandler
                0x08003760                TAMP_STAMP_IRQHandler
                0x08003760                EXTI3_IRQHandler
                0x08003760                LPTIM2_IRQHandler
                0x08003760                DFSDM1_FLT1_IRQHandler
                0x08003760                I2C3_ER_IRQHandler
                0x08003760                DFSDM1_FLT2_IRQHandler
                0x08003760                EXTI0_IRQHandler
                0x08003760                I2C2_EV_IRQHandler
                0x08003760                CAN1_RX0_IRQHandler
                0x08003760                FPU_IRQHandler
                0x08003760                TIM1_UP_TIM16_IRQHandler
                0x08003760                ADC1_2_IRQHandler
                0x08003760                SPI1_IRQHandler
                0x08003760                TIM6_DAC_IRQHandler
                0x08003760                TIM8_UP_IRQHandler
                0x08003760                DMA2_Channel2_IRQHandler
                0x08003760                DMA1_Channel4_IRQHandler
                0x08003760                SAI2_IRQHandler
                0x08003760                DFSDM1_FLT3_IRQHandler
                0x08003760                USART3_IRQHandler
                0x08003760                DMA1_Channel7_IRQHandler
                0x08003760                CAN1_RX1_IRQHandler
                0x08003760                LCD_IRQHandler
                0x08003760                UART5_IRQHandler
                0x08003760                ADC3_IRQHandler
                0x08003760                TIM4_IRQHandler
                0x08003760                DMA2_Channel1_IRQHandler
                0x08003760                QUADSPI_IRQHandler
                0x08003760                I2C1_EV_IRQHandler
                0x08003760                DMA1_Channel6_IRQHandler
                0x08003760                UART4_IRQHandler
                0x08003760                DMA2_Channel4_IRQHandler
                0x08003760                TIM3_IRQHandler
                0x08003760                RCC_IRQHandler
                0x08003760                Default_Handler
                0x08003760                DMA2_Channel7_IRQHandler
                0x08003760                EXTI15_10_IRQHandler
                0x08003760                TIM7_IRQHandler
                0x08003760                SDMMC1_IRQHandler
                0x08003760                TIM5_IRQHandler
                0x08003760                I2C3_EV_IRQHandler
                0x08003760                EXTI9_5_IRQHandler
                0x08003760                RTC_WKUP_IRQHandler
                0x08003760                PVD_PVM_IRQHandler
                0x08003760                SPI2_IRQHandler
                0x08003760                CAN1_TX_IRQHandler
                0x08003760                DMA2_Channel5_IRQHandler
                0x08003760                DMA1_Channel5_IRQHandler
                0x08003760                EXTI4_IRQHandler
                0x08003760                RNG_IRQHandler
                0x08003760                TIM1_TRG_COM_TIM17_IRQHandler
                0x08003760                COMP_IRQHandler
                0x08003760                WWDG_IRQHandler
                0x08003760                LPUART1_IRQHandler
                0x08003760                DMA2_Channel6_IRQHandler
                0x08003760                TIM2_IRQHandler
                0x08003760                EXTI1_IRQHandler
                0x08003760                USART2_IRQHandler
                0x08003760                DFSDM1_FLT0_IRQHandler
                0x08003760                I2C2_ER_IRQHandler
                0x08003760                DMA1_Channel2_IRQHandler
                0x08003760                TIM8_BRK_IRQHandler
                0x08003760                CAN1_SCE_IRQHandler
                0x08003760                FLASH_IRQHandler
                0x08003760                USART1_IRQHandler
                0x08003760                OTG_FS_IRQHandler
                0x08003760                SPI3_IRQHandler
                0x08003760                I2C1_ER_IRQHandler
                0x08003760                FMC_IRQHandler
                0x08003760                SWPMI1_IRQHandler
                0x08003760                LPTIM1_IRQHandler
                0x08003760                SAI1_IRQHandler
                0x08003760                DMA2_Channel3_IRQHandler
                0x08003760                TIM1_BRK_TIM15_IRQHandler
 *fill*         0x08003762        0x2 
 .text.__libc_init_array
                0x08003764       0x48 d:/programas/atollic truestudio/truestudio for stm32 9.3.0/armtools/bin/../lib/gcc/arm-atollic-eabi/6.3.1/../../../../arm-atollic-eabi/lib/armv7e-m/fpu\libc_nano.a(lib_a-init.o)
                0x08003764                __libc_init_array
 .text.memset   0x080037ac       0x10 d:/programas/atollic truestudio/truestudio for stm32 9.3.0/armtools/bin/../lib/gcc/arm-atollic-eabi/6.3.1/../../../../arm-atollic-eabi/lib/armv7e-m/fpu\libc_nano.a(lib_a-memset.o)
                0x080037ac                memset
 *(.glue_7)
 .glue_7        0x080037bc        0x0 linker stubs
 *(.glue_7t)
 .glue_7t       0x080037bc        0x0 linker stubs
 *(.eh_frame)
 .eh_frame      0x080037bc        0x0 d:/programas/atollic truestudio/truestudio for stm32 9.3.0/armtools/bin/../lib/gcc/arm-atollic-eabi/6.3.1/armv7e-m/fpu/crtbegin.o
 *(.init)
 .init          0x080037bc        0x4 d:/programas/atollic truestudio/truestudio for stm32 9.3.0/armtools/bin/../lib/gcc/arm-atollic-eabi/6.3.1/armv7e-m/fpu/crti.o
                0x080037bc                _init
 .init          0x080037c0        0x8 d:/programas/atollic truestudio/truestudio for stm32 9.3.0/armtools/bin/../lib/gcc/arm-atollic-eabi/6.3.1/armv7e-m/fpu/crtn.o
 *(.fini)
 .fini          0x080037c8        0x4 d:/programas/atollic truestudio/truestudio for stm32 9.3.0/armtools/bin/../lib/gcc/arm-atollic-eabi/6.3.1/armv7e-m/fpu/crti.o
                0x080037c8                _fini
 .fini          0x080037cc        0x8 d:/programas/atollic truestudio/truestudio for stm32 9.3.0/armtools/bin/../lib/gcc/arm-atollic-eabi/6.3.1/armv7e-m/fpu/crtn.o
                0x080037d4                . = ALIGN (0x4)
                0x080037d4                _etext = .

.vfp11_veneer   0x080037d4        0x0
 .vfp11_veneer  0x080037d4        0x0 linker stubs

.v4_bx          0x080037d4        0x0
 .v4_bx         0x080037d4        0x0 linker stubs

.iplt           0x080037d4        0x0
 .iplt          0x080037d4        0x0 d:/programas/atollic truestudio/truestudio for stm32 9.3.0/armtools/bin/../lib/gcc/arm-atollic-eabi/6.3.1/armv7e-m/fpu/crtbegin.o

.rodata         0x080037d4       0x5c
                0x080037d4                . = ALIGN (0x4)
 *(.rodata)
 *(.rodata*)
 .rodata.AHBPrescTable
                0x080037d4       0x10 Core\Src\system_stm32l4xx.o
                0x080037d4                AHBPrescTable
 .rodata.APBPrescTable
                0x080037e4        0x8 Core\Src\system_stm32l4xx.o
                0x080037e4                APBPrescTable
 .rodata.MSIRangeTable
                0x080037ec       0x30 Core\Src\system_stm32l4xx.o
                0x080037ec                MSIRangeTable
 .rodata.CSWTCH.52
                0x0800381c        0x4 Drivers\STM32L4xx_HAL_Driver\Src\stm32l4xx_hal_uart.o
 .rodata.CSWTCH.53
                0x08003820        0xd Drivers\STM32L4xx_HAL_Driver\Src\stm32l4xx_hal_uart.o
                0x08003830                . = ALIGN (0x4)
 *fill*         0x0800382d        0x3 

.ARM.extab
 *(.ARM.extab* .gnu.linkonce.armextab.*)

.ARM            0x08003830        0x8
                0x08003830                __exidx_start = .
 *(.ARM.exidx*)
 .ARM.exidx     0x08003830        0x8 d:/programas/atollic truestudio/truestudio for stm32 9.3.0/armtools/bin/../lib/gcc/arm-atollic-eabi/6.3.1/armv7e-m/fpu\libgcc.a(_udivmoddi4.o)
                0x08003838                __exidx_end = .

.rel.dyn        0x08003838        0x0
 .rel.iplt      0x08003838        0x0 d:/programas/atollic truestudio/truestudio for stm32 9.3.0/armtools/bin/../lib/gcc/arm-atollic-eabi/6.3.1/armv7e-m/fpu/crtbegin.o

.preinit_array  0x08003838        0x0
                0x08003838                PROVIDE (__preinit_array_start, .)
 *(.preinit_array*)
                0x08003838                PROVIDE (__preinit_array_end, .)

.init_array     0x08003838        0x4
                0x08003838                PROVIDE (__init_array_start, .)
 *(SORT(.init_array.*))
 *(.init_array*)
 .init_array    0x08003838        0x4 d:/programas/atollic truestudio/truestudio for stm32 9.3.0/armtools/bin/../lib/gcc/arm-atollic-eabi/6.3.1/armv7e-m/fpu/crtbegin.o
                0x0800383c                PROVIDE (__init_array_end, .)

.fini_array     0x0800383c        0x4
                [!provide]                PROVIDE (__fini_array_start, .)
 *(SORT(.fini_array.*))
 *(.fini_array*)
 .fini_array    0x0800383c        0x4 d:/programas/atollic truestudio/truestudio for stm32 9.3.0/armtools/bin/../lib/gcc/arm-atollic-eabi/6.3.1/armv7e-m/fpu/crtbegin.o
                [!provide]                PROVIDE (__fini_array_end, .)
                0x08003840                _sidata = LOADADDR (.data)

.data           0x20000000        0xc load address 0x08003840
                0x20000000                . = ALIGN (0x4)
                0x20000000                _sdata = .
 *(.data)
 *(.data*)
 .data.SystemCoreClock
                0x20000000        0x4 Core\Src\system_stm32l4xx.o
                0x20000000                SystemCoreClock
 .data.uwTickFreq
                0x20000004        0x4 Drivers\STM32L4xx_HAL_Driver\Src\stm32l4xx_hal.o
                0x20000004                uwTickFreq
 .data.uwTickPrio
                0x20000008        0x4 Drivers\STM32L4xx_HAL_Driver\Src\stm32l4xx_hal.o
                0x20000008                uwTickPrio
                0x2000000c                . = ALIGN (0x4)
                0x2000000c                _edata = .

.igot.plt       0x2000000c        0x0 load address 0x0800384c
 .igot.plt      0x2000000c        0x0 d:/programas/atollic truestudio/truestudio for stm32 9.3.0/armtools/bin/../lib/gcc/arm-atollic-eabi/6.3.1/armv7e-m/fpu/crtbegin.o
                0x2000000c                . = ALIGN (0x4)

.bss            0x2000000c      0x230 load address 0x0800384c
                0x2000000c                _sbss = .
                0x2000000c                __bss_start__ = _sbss
 *(.bss)
 .bss           0x2000000c       0x1c d:/programas/atollic truestudio/truestudio for stm32 9.3.0/armtools/bin/../lib/gcc/arm-atollic-eabi/6.3.1/armv7e-m/fpu/crtbegin.o
 *(.bss*)
 *(COMMON)
 COMMON         0x20000028       0xac Core\Src\adc.o
                0x20000028                hadc1
                0x2000008c                hdma_adc1
 COMMON         0x200000d4       0x5c Core\Src\dac.o
                0x200000d4                hdac1
                0x200000e8                hdma_dac_ch1
 COMMON         0x20000130       0x48 Core\Src\main.o
                0x20000130                ADC_Buffer
                0x20000134                TimerData
                0x20000138                DAC_Buffer
 COMMON         0x20000178       0x40 Core\Src\tim.o
                0x20000178                htim2
 COMMON         0x200001b8       0x80 Core\Src\usart.o
                0x200001b8                huart2
 COMMON         0x20000238        0x4 Drivers\STM32L4xx_HAL_Driver\Src\stm32l4xx_hal.o
                0x20000238                uwTick
                0x2000023c                . = ALIGN (0x4)
                0x2000023c                _ebss = .
                0x2000023c                __bss_end__ = _ebss

._user_heap_stack
                0x2000023c      0x600 load address 0x0800384c
                0x2000023c                . = ALIGN (0x4)
                0x2000023c                PROVIDE (end, .)
                [!provide]                PROVIDE (_end, .)
                0x2000043c                . = (. + _Min_Heap_Size)
 *fill*         0x2000023c      0x200 
                0x2000083c                . = (. + _Min_Stack_Size)
 *fill*         0x2000043c      0x400 
                0x2000083c                . = ALIGN (0x4)

/DISCARD/
 libc.a(*)
 libm.a(*)
 libgcc.a(*)

.ARM.attributes
                0x00000000       0x30
 *(.ARM.attributes)
 .ARM.attributes
                0x00000000       0x22 d:/programas/atollic truestudio/truestudio for stm32 9.3.0/armtools/bin/../lib/gcc/arm-atollic-eabi/6.3.1/armv7e-m/fpu/crti.o
 .ARM.attributes
                0x00000022       0x34 d:/programas/atollic truestudio/truestudio for stm32 9.3.0/armtools/bin/../lib/gcc/arm-atollic-eabi/6.3.1/armv7e-m/fpu/crtbegin.o
 .ARM.attributes
                0x00000056       0x39 Core\Src\adc.o
 .ARM.attributes
                0x0000008f       0x39 Core\Src\dac.o
 .ARM.attributes
                0x000000c8       0x39 Core\Src\dma.o
 .ARM.attributes
                0x00000101       0x39 Core\Src\gpio.o
 .ARM.attributes
                0x0000013a       0x39 Core\Src\main.o
 .ARM.attributes
                0x00000173       0x39 Core\Src\stm32l4xx_hal_msp.o
 .ARM.attributes
                0x000001ac       0x39 Core\Src\stm32l4xx_it.o
 .ARM.attributes
                0x000001e5       0x39 Core\Src\system_stm32l4xx.o
 .ARM.attributes
                0x0000021e       0x39 Core\Src\tim.o
 .ARM.attributes
                0x00000257       0x39 Core\Src\usart.o
 .ARM.attributes
                0x00000290       0x39 Drivers\STM32L4xx_HAL_Driver\Src\stm32l4xx_hal.o
 .ARM.attributes
                0x000002c9       0x39 Drivers\STM32L4xx_HAL_Driver\Src\stm32l4xx_hal_adc.o
 .ARM.attributes
                0x00000302       0x39 Drivers\STM32L4xx_HAL_Driver\Src\stm32l4xx_hal_adc_ex.o
 .ARM.attributes
                0x0000033b       0x39 Drivers\STM32L4xx_HAL_Driver\Src\stm32l4xx_hal_cortex.o
 .ARM.attributes
                0x00000374       0x39 Drivers\STM32L4xx_HAL_Driver\Src\stm32l4xx_hal_dac.o
 .ARM.attributes
                0x000003ad       0x39 Drivers\STM32L4xx_HAL_Driver\Src\stm32l4xx_hal_dac_ex.o
 .ARM.attributes
                0x000003e6       0x39 Drivers\STM32L4xx_HAL_Driver\Src\stm32l4xx_hal_dma.o
 .ARM.attributes
                0x0000041f       0x39 Drivers\STM32L4xx_HAL_Driver\Src\stm32l4xx_hal_gpio.o
 .ARM.attributes
                0x00000458       0x39 Drivers\STM32L4xx_HAL_Driver\Src\stm32l4xx_hal_pwr_ex.o
 .ARM.attributes
                0x00000491       0x39 Drivers\STM32L4xx_HAL_Driver\Src\stm32l4xx_hal_rcc.o
 .ARM.attributes
                0x000004ca       0x39 Drivers\STM32L4xx_HAL_Driver\Src\stm32l4xx_hal_rcc_ex.o
 .ARM.attributes
                0x00000503       0x39 Drivers\STM32L4xx_HAL_Driver\Src\stm32l4xx_hal_tim.o
 .ARM.attributes
                0x0000053c       0x39 Drivers\STM32L4xx_HAL_Driver\Src\stm32l4xx_hal_tim_ex.o
 .ARM.attributes
                0x00000575       0x39 Drivers\STM32L4xx_HAL_Driver\Src\stm32l4xx_hal_uart.o
 .ARM.attributes
                0x000005ae       0x21 startup\startup_stm32l476xx.o
 .ARM.attributes
                0x000005cf       0x34 d:/programas/atollic truestudio/truestudio for stm32 9.3.0/armtools/bin/../lib/gcc/arm-atollic-eabi/6.3.1/../../../../arm-atollic-eabi/lib/armv7e-m/fpu\libc_nano.a(lib_a-init.o)
 .ARM.attributes
                0x00000603       0x34 d:/programas/atollic truestudio/truestudio for stm32 9.3.0/armtools/bin/../lib/gcc/arm-atollic-eabi/6.3.1/../../../../arm-atollic-eabi/lib/armv7e-m/fpu\libc_nano.a(lib_a-memset.o)
 .ARM.attributes
                0x00000637       0x22 d:/programas/atollic truestudio/truestudio for stm32 9.3.0/armtools/bin/../lib/gcc/arm-atollic-eabi/6.3.1/armv7e-m/fpu\libgcc.a(_aeabi_uldivmod.o)
 .ARM.attributes
                0x00000659       0x34 d:/programas/atollic truestudio/truestudio for stm32 9.3.0/armtools/bin/../lib/gcc/arm-atollic-eabi/6.3.1/armv7e-m/fpu\libgcc.a(_udivmoddi4.o)
 .ARM.attributes
                0x0000068d       0x22 d:/programas/atollic truestudio/truestudio for stm32 9.3.0/armtools/bin/../lib/gcc/arm-atollic-eabi/6.3.1/armv7e-m/fpu\libgcc.a(_dvmd_tls.o)
 .ARM.attributes
                0x000006af       0x22 d:/programas/atollic truestudio/truestudio for stm32 9.3.0/armtools/bin/../lib/gcc/arm-atollic-eabi/6.3.1/armv7e-m/fpu/crtn.o
OUTPUT(GeneradorFunciones.elf elf32-littlearm)

.debug_info     0x00000000    0x19c54
 .debug_info    0x00000000      0xe6b Core\Src\adc.o
 .debug_info    0x00000e6b      0xc55 Core\Src\dac.o
 .debug_info    0x00001ac0      0x74d Core\Src\dma.o
 .debug_info    0x0000220d      0x6de Core\Src\gpio.o
 .debug_info    0x000028eb     0x1e91 Core\Src\main.o
 .debug_info    0x0000477c      0x4c4 Core\Src\stm32l4xx_hal_msp.o
 .debug_info    0x00004c40      0x56a Core\Src\stm32l4xx_it.o
 .debug_info    0x000051aa      0x6fb Core\Src\system_stm32l4xx.o
 .debug_info    0x000058a5      0xc40 Core\Src\tim.o
 .debug_info    0x000064e5      0xc22 Core\Src\usart.o
 .debug_info    0x00007107      0xde6 Drivers\STM32L4xx_HAL_Driver\Src\stm32l4xx_hal.o
 .debug_info    0x00007eed     0x27f8 Drivers\STM32L4xx_HAL_Driver\Src\stm32l4xx_hal_adc.o
 .debug_info    0x0000a6e5     0x2234 Drivers\STM32L4xx_HAL_Driver\Src\stm32l4xx_hal_adc_ex.o
 .debug_info    0x0000c919     0x109c Drivers\STM32L4xx_HAL_Driver\Src\stm32l4xx_hal_cortex.o
 .debug_info    0x0000d9b5      0xc99 Drivers\STM32L4xx_HAL_Driver\Src\stm32l4xx_hal_dac.o
 .debug_info    0x0000e64e      0xaed Drivers\STM32L4xx_HAL_Driver\Src\stm32l4xx_hal_dac_ex.o
 .debug_info    0x0000f13b      0x952 Drivers\STM32L4xx_HAL_Driver\Src\stm32l4xx_hal_dma.o
 .debug_info    0x0000fa8d      0x98c Drivers\STM32L4xx_HAL_Driver\Src\stm32l4xx_hal_gpio.o
 .debug_info    0x00010419      0xba2 Drivers\STM32L4xx_HAL_Driver\Src\stm32l4xx_hal_pwr_ex.o
 .debug_info    0x00010fbb      0xf1e Drivers\STM32L4xx_HAL_Driver\Src\stm32l4xx_hal_rcc.o
 .debug_info    0x00011ed9     0x11a3 Drivers\STM32L4xx_HAL_Driver\Src\stm32l4xx_hal_rcc_ex.o
 .debug_info    0x0001307c     0x3754 Drivers\STM32L4xx_HAL_Driver\Src\stm32l4xx_hal_tim.o
 .debug_info    0x000167d0     0x15d2 Drivers\STM32L4xx_HAL_Driver\Src\stm32l4xx_hal_tim_ex.o
 .debug_info    0x00017da2     0x1e42 Drivers\STM32L4xx_HAL_Driver\Src\stm32l4xx_hal_uart.o
 .debug_info    0x00019be4       0x70 startup\startup_stm32l476xx.o

.debug_abbrev   0x00000000     0x3607
 .debug_abbrev  0x00000000      0x1ee Core\Src\adc.o
 .debug_abbrev  0x000001ee      0x1ee Core\Src\dac.o
 .debug_abbrev  0x000003dc      0x155 Core\Src\dma.o
 .debug_abbrev  0x00000531      0x173 Core\Src\gpio.o
 .debug_abbrev  0x000006a4      0x29b Core\Src\main.o
 .debug_abbrev  0x0000093f      0x11e Core\Src\stm32l4xx_hal_msp.o
 .debug_abbrev  0x00000a5d      0x195 Core\Src\stm32l4xx_it.o
 .debug_abbrev  0x00000bf2      0x14b Core\Src\system_stm32l4xx.o
 .debug_abbrev  0x00000d3d      0x1c4 Core\Src\tim.o
 .debug_abbrev  0x00000f01      0x1eb Core\Src\usart.o
 .debug_abbrev  0x000010ec      0x28a Drivers\STM32L4xx_HAL_Driver\Src\stm32l4xx_hal.o
 .debug_abbrev  0x00001376      0x32e Drivers\STM32L4xx_HAL_Driver\Src\stm32l4xx_hal_adc.o
 .debug_abbrev  0x000016a4      0x33e Drivers\STM32L4xx_HAL_Driver\Src\stm32l4xx_hal_adc_ex.o
 .debug_abbrev  0x000019e2      0x314 Drivers\STM32L4xx_HAL_Driver\Src\stm32l4xx_hal_cortex.o
 .debug_abbrev  0x00001cf6      0x240 Drivers\STM32L4xx_HAL_Driver\Src\stm32l4xx_hal_dac.o
 .debug_abbrev  0x00001f36      0x2b5 Drivers\STM32L4xx_HAL_Driver\Src\stm32l4xx_hal_dac_ex.o
 .debug_abbrev  0x000021eb      0x224 Drivers\STM32L4xx_HAL_Driver\Src\stm32l4xx_hal_dma.o
 .debug_abbrev  0x0000240f      0x1d7 Drivers\STM32L4xx_HAL_Driver\Src\stm32l4xx_hal_gpio.o
 .debug_abbrev  0x000025e6      0x278 Drivers\STM32L4xx_HAL_Driver\Src\stm32l4xx_hal_pwr_ex.o
 .debug_abbrev  0x0000285e      0x258 Drivers\STM32L4xx_HAL_Driver\Src\stm32l4xx_hal_rcc.o
 .debug_abbrev  0x00002ab6      0x264 Drivers\STM32L4xx_HAL_Driver\Src\stm32l4xx_hal_rcc_ex.o
 .debug_abbrev  0x00002d1a      0x324 Drivers\STM32L4xx_HAL_Driver\Src\stm32l4xx_hal_tim.o
 .debug_abbrev  0x0000303e      0x29c Drivers\STM32L4xx_HAL_Driver\Src\stm32l4xx_hal_tim_ex.o
 .debug_abbrev  0x000032da      0x31b Drivers\STM32L4xx_HAL_Driver\Src\stm32l4xx_hal_uart.o
 .debug_abbrev  0x000035f5       0x12 startup\startup_stm32l476xx.o

.debug_loc      0x00000000     0xc131
 .debug_loc     0x00000000       0x63 Core\Src\adc.o
 .debug_loc     0x00000063       0x63 Core\Src\dac.o
 .debug_loc     0x000000c6       0x36 Core\Src\main.o
 .debug_loc     0x000000fc      0x1be Core\Src\system_stm32l4xx.o
 .debug_loc     0x000002ba       0x58 Core\Src\usart.o
 .debug_loc     0x00000312      0x1d5 Drivers\STM32L4xx_HAL_Driver\Src\stm32l4xx_hal.o
 .debug_loc     0x000004e7     0x186b Drivers\STM32L4xx_HAL_Driver\Src\stm32l4xx_hal_adc.o
 .debug_loc     0x00001d52     0x16ef Drivers\STM32L4xx_HAL_Driver\Src\stm32l4xx_hal_adc_ex.o
 .debug_loc     0x00003441      0x4fb Drivers\STM32L4xx_HAL_Driver\Src\stm32l4xx_hal_cortex.o
 .debug_loc     0x0000393c      0x6b7 Drivers\STM32L4xx_HAL_Driver\Src\stm32l4xx_hal_dac.o
 .debug_loc     0x00003ff3      0x447 Drivers\STM32L4xx_HAL_Driver\Src\stm32l4xx_hal_dac_ex.o
 .debug_loc     0x0000443a      0x5b7 Drivers\STM32L4xx_HAL_Driver\Src\stm32l4xx_hal_dma.o
 .debug_loc     0x000049f1      0x2fb Drivers\STM32L4xx_HAL_Driver\Src\stm32l4xx_hal_gpio.o
 .debug_loc     0x00004cec      0x688 Drivers\STM32L4xx_HAL_Driver\Src\stm32l4xx_hal_pwr_ex.o
 .debug_loc     0x00005374      0x5b9 Drivers\STM32L4xx_HAL_Driver\Src\stm32l4xx_hal_rcc.o
 .debug_loc     0x0000592d      0xdaf Drivers\STM32L4xx_HAL_Driver\Src\stm32l4xx_hal_rcc_ex.o
 .debug_loc     0x000066dc     0x31b7 Drivers\STM32L4xx_HAL_Driver\Src\stm32l4xx_hal_tim.o
 .debug_loc     0x00009893      0xe19 Drivers\STM32L4xx_HAL_Driver\Src\stm32l4xx_hal_tim_ex.o
 .debug_loc     0x0000a6ac     0x1a85 Drivers\STM32L4xx_HAL_Driver\Src\stm32l4xx_hal_uart.o

.debug_aranges  0x00000000      0xf48
 .debug_aranges
                0x00000000       0x30 Core\Src\adc.o
 .debug_aranges
                0x00000030       0x30 Core\Src\dac.o
 .debug_aranges
                0x00000060       0x20 Core\Src\dma.o
 .debug_aranges
                0x00000080       0x20 Core\Src\gpio.o
 .debug_aranges
                0x000000a0       0x30 Core\Src\main.o
 .debug_aranges
                0x000000d0       0x20 Core\Src\stm32l4xx_hal_msp.o
 .debug_aranges
                0x000000f0       0x58 Core\Src\stm32l4xx_it.o
 .debug_aranges
                0x00000148       0x28 Core\Src\system_stm32l4xx.o
 .debug_aranges
                0x00000170       0x30 Core\Src\tim.o
 .debug_aranges
                0x000001a0       0x30 Core\Src\usart.o
 .debug_aranges
                0x000001d0      0x128 Drivers\STM32L4xx_HAL_Driver\Src\stm32l4xx_hal.o
 .debug_aranges
                0x000002f8       0xf0 Drivers\STM32L4xx_HAL_Driver\Src\stm32l4xx_hal_adc.o
 .debug_aranges
                0x000003e8       0xf0 Drivers\STM32L4xx_HAL_Driver\Src\stm32l4xx_hal_adc_ex.o
 .debug_aranges
                0x000004d8       0xa8 Drivers\STM32L4xx_HAL_Driver\Src\stm32l4xx_hal_cortex.o
 .debug_aranges
                0x00000580       0x98 Drivers\STM32L4xx_HAL_Driver\Src\stm32l4xx_hal_dac.o
 .debug_aranges
                0x00000618       0x70 Drivers\STM32L4xx_HAL_Driver\Src\stm32l4xx_hal_dac_ex.o
 .debug_aranges
                0x00000688       0x78 Drivers\STM32L4xx_HAL_Driver\Src\stm32l4xx_hal_dma.o
 .debug_aranges
                0x00000700       0x58 Drivers\STM32L4xx_HAL_Driver\Src\stm32l4xx_hal_gpio.o
 .debug_aranges
                0x00000758      0x138 Drivers\STM32L4xx_HAL_Driver\Src\stm32l4xx_hal_pwr_ex.o
 .debug_aranges
                0x00000890       0x88 Drivers\STM32L4xx_HAL_Driver\Src\stm32l4xx_hal_rcc.o
 .debug_aranges
                0x00000918       0xc0 Drivers\STM32L4xx_HAL_Driver\Src\stm32l4xx_hal_rcc_ex.o
 .debug_aranges
                0x000009d8      0x288 Drivers\STM32L4xx_HAL_Driver\Src\stm32l4xx_hal_tim.o
 .debug_aranges
                0x00000c60      0x108 Drivers\STM32L4xx_HAL_Driver\Src\stm32l4xx_hal_tim_ex.o
 .debug_aranges
                0x00000d68      0x1b8 Drivers\STM32L4xx_HAL_Driver\Src\stm32l4xx_hal_uart.o
 .debug_aranges
                0x00000f20       0x28 startup\startup_stm32l476xx.o

.debug_ranges   0x00000000     0x14b8
 .debug_ranges  0x00000000       0x38 Core\Src\adc.o
 .debug_ranges  0x00000038       0x58 Core\Src\dac.o
 .debug_ranges  0x00000090       0x40 Core\Src\dma.o
 .debug_ranges  0x000000d0       0x30 Core\Src\gpio.o
 .debug_ranges  0x00000100       0x38 Core\Src\main.o
 .debug_ranges  0x00000138       0x28 Core\Src\stm32l4xx_hal_msp.o
 .debug_ranges  0x00000160       0x48 Core\Src\stm32l4xx_it.o
 .debug_ranges  0x000001a8       0x18 Core\Src\system_stm32l4xx.o
 .debug_ranges  0x000001c0       0x20 Core\Src\tim.o
 .debug_ranges  0x000001e0       0x38 Core\Src\usart.o
 .debug_ranges  0x00000218      0x118 Drivers\STM32L4xx_HAL_Driver\Src\stm32l4xx_hal.o
 .debug_ranges  0x00000330      0x340 Drivers\STM32L4xx_HAL_Driver\Src\stm32l4xx_hal_adc.o
 .debug_ranges  0x00000670      0x260 Drivers\STM32L4xx_HAL_Driver\Src\stm32l4xx_hal_adc_ex.o
 .debug_ranges  0x000008d0      0x128 Drivers\STM32L4xx_HAL_Driver\Src\stm32l4xx_hal_cortex.o
 .debug_ranges  0x000009f8       0x88 Drivers\STM32L4xx_HAL_Driver\Src\stm32l4xx_hal_dac.o
 .debug_ranges  0x00000a80       0x60 Drivers\STM32L4xx_HAL_Driver\Src\stm32l4xx_hal_dac_ex.o
 .debug_ranges  0x00000ae0       0xa0 Drivers\STM32L4xx_HAL_Driver\Src\stm32l4xx_hal_dma.o
 .debug_ranges  0x00000b80       0x68 Drivers\STM32L4xx_HAL_Driver\Src\stm32l4xx_hal_gpio.o
 .debug_ranges  0x00000be8      0x128 Drivers\STM32L4xx_HAL_Driver\Src\stm32l4xx_hal_pwr_ex.o
 .debug_ranges  0x00000d10       0x90 Drivers\STM32L4xx_HAL_Driver\Src\stm32l4xx_hal_rcc.o
 .debug_ranges  0x00000da0       0xf0 Drivers\STM32L4xx_HAL_Driver\Src\stm32l4xx_hal_rcc_ex.o
 .debug_ranges  0x00000e90      0x350 Drivers\STM32L4xx_HAL_Driver\Src\stm32l4xx_hal_tim.o
 .debug_ranges  0x000011e0       0xf8 Drivers\STM32L4xx_HAL_Driver\Src\stm32l4xx_hal_tim_ex.o
 .debug_ranges  0x000012d8      0x1c0 Drivers\STM32L4xx_HAL_Driver\Src\stm32l4xx_hal_uart.o
 .debug_ranges  0x00001498       0x20 startup\startup_stm32l476xx.o

.debug_line     0x00000000     0x8f9b
 .debug_line    0x00000000      0x312 Core\Src\adc.o
 .debug_line    0x00000312      0x2e9 Core\Src\dac.o
 .debug_line    0x000005fb      0x232 Core\Src\dma.o
 .debug_line    0x0000082d      0x241 Core\Src\gpio.o
 .debug_line    0x00000a6e      0x4ad Core\Src\main.o
 .debug_line    0x00000f1b      0x21e Core\Src\stm32l4xx_hal_msp.o
 .debug_line    0x00001139      0x29e Core\Src\stm32l4xx_it.o
 .debug_line    0x000013d7      0x27f Core\Src\system_stm32l4xx.o
 .debug_line    0x00001656      0x2bc Core\Src\tim.o
 .debug_line    0x00001912      0x2b5 Core\Src\usart.o
 .debug_line    0x00001bc7      0x4c9 Drivers\STM32L4xx_HAL_Driver\Src\stm32l4xx_hal.o
 .debug_line    0x00002090      0xe6a Drivers\STM32L4xx_HAL_Driver\Src\stm32l4xx_hal_adc.o
 .debug_line    0x00002efa      0xc3c Drivers\STM32L4xx_HAL_Driver\Src\stm32l4xx_hal_adc_ex.o
 .debug_line    0x00003b36      0x497 Drivers\STM32L4xx_HAL_Driver\Src\stm32l4xx_hal_cortex.o
 .debug_line    0x00003fcd      0x4e0 Drivers\STM32L4xx_HAL_Driver\Src\stm32l4xx_hal_dac.o
 .debug_line    0x000044ad      0x41d Drivers\STM32L4xx_HAL_Driver\Src\stm32l4xx_hal_dac_ex.o
 .debug_line    0x000048ca      0x4fd Drivers\STM32L4xx_HAL_Driver\Src\stm32l4xx_hal_dma.o
 .debug_line    0x00004dc7      0x400 Drivers\STM32L4xx_HAL_Driver\Src\stm32l4xx_hal_gpio.o
 .debug_line    0x000051c7      0x5d2 Drivers\STM32L4xx_HAL_Driver\Src\stm32l4xx_hal_pwr_ex.o
 .debug_line    0x00005799      0x5ef Drivers\STM32L4xx_HAL_Driver\Src\stm32l4xx_hal_rcc.o
 .debug_line    0x00005d88      0x74a Drivers\STM32L4xx_HAL_Driver\Src\stm32l4xx_hal_rcc_ex.o
 .debug_line    0x000064d2     0x13de Drivers\STM32L4xx_HAL_Driver\Src\stm32l4xx_hal_tim.o
 .debug_line    0x000078b0      0x7d1 Drivers\STM32L4xx_HAL_Driver\Src\stm32l4xx_hal_tim_ex.o
 .debug_line    0x00008081      0xe9c Drivers\STM32L4xx_HAL_Driver\Src\stm32l4xx_hal_uart.o
 .debug_line    0x00008f1d       0x7e startup\startup_stm32l476xx.o

.debug_str      0x00000000     0x6562
 .debug_str     0x00000000      0xa3e Core\Src\adc.o
                                0xb4e (size before relaxing)
 .debug_str     0x00000a3e      0x29c Core\Src\dac.o
                                0xa4e (size before relaxing)
 .debug_str     0x00000cda      0x51d Core\Src\dma.o
                                0xa33 (size before relaxing)
 .debug_str     0x000011f7       0x4e Core\Src\gpio.o
                                0x5f5 (size before relaxing)
 .debug_str     0x00001245      0xd16 Core\Src\main.o
                               0x175d (size before relaxing)
 .debug_str     0x00001f5b       0x2c Core\Src\stm32l4xx_hal_msp.o
                                0x538 (size before relaxing)
 .debug_str     0x00001f87       0xfc Core\Src\stm32l4xx_it.o
                                0x677 (size before relaxing)
 .debug_str     0x00002083       0xb8 Core\Src\system_stm32l4xx.o
                                0x5c3 (size before relaxing)
 .debug_str     0x0000213b      0x1d0 Core\Src\tim.o
                                0xb0a (size before relaxing)
 .debug_str     0x0000230b       0x51 Core\Src\usart.o
                                0x9d6 (size before relaxing)
 .debug_str     0x0000235c      0x46b Drivers\STM32L4xx_HAL_Driver\Src\stm32l4xx_hal.o
                                0xeec (size before relaxing)
 .debug_str     0x000027c7      0x976 Drivers\STM32L4xx_HAL_Driver\Src\stm32l4xx_hal_adc.o
                               0x12f6 (size before relaxing)
 .debug_str     0x0000313d      0x56c Drivers\STM32L4xx_HAL_Driver\Src\stm32l4xx_hal_adc_ex.o
                               0x12b4 (size before relaxing)
 .debug_str     0x000036a9      0x43a Drivers\STM32L4xx_HAL_Driver\Src\stm32l4xx_hal_cortex.o
                                0xe2b (size before relaxing)
 .debug_str     0x00003ae3      0x1ae Drivers\STM32L4xx_HAL_Driver\Src\stm32l4xx_hal_dac.o
                                0xa22 (size before relaxing)
 .debug_str     0x00003c91      0x1af Drivers\STM32L4xx_HAL_Driver\Src\stm32l4xx_hal_dac_ex.o
                                0x9cd (size before relaxing)
 .debug_str     0x00003e40      0x219 Drivers\STM32L4xx_HAL_Driver\Src\stm32l4xx_hal_dma.o
                                0x83c (size before relaxing)
 .debug_str     0x00004059      0x11f Drivers\STM32L4xx_HAL_Driver\Src\stm32l4xx_hal_gpio.o
                                0x770 (size before relaxing)
 .debug_str     0x00004178      0x521 Drivers\STM32L4xx_HAL_Driver\Src\stm32l4xx_hal_pwr_ex.o
                                0xa22 (size before relaxing)
 .debug_str     0x00004699      0x1b9 Drivers\STM32L4xx_HAL_Driver\Src\stm32l4xx_hal_rcc.o
                                0xa58 (size before relaxing)
 .debug_str     0x00004852      0x2f7 Drivers\STM32L4xx_HAL_Driver\Src\stm32l4xx_hal_rcc_ex.o
                                0xcdd (size before relaxing)
 .debug_str     0x00004b49      0xd1f Drivers\STM32L4xx_HAL_Driver\Src\stm32l4xx_hal_tim.o
                               0x16be (size before relaxing)
 .debug_str     0x00005868      0x5c4 Drivers\STM32L4xx_HAL_Driver\Src\stm32l4xx_hal_tim_ex.o
                                0xfde (size before relaxing)
 .debug_str     0x00005e2c      0x736 Drivers\STM32L4xx_HAL_Driver\Src\stm32l4xx_hal_uart.o
                               0x111c (size before relaxing)

.comment        0x00000000       0x7c
 .comment       0x00000000       0x7c Core\Src\adc.o
                                 0x7d (size before relaxing)
 .comment       0x0000007c       0x7d Core\Src\dac.o
 .comment       0x0000007c       0x7d Core\Src\dma.o
 .comment       0x0000007c       0x7d Core\Src\gpio.o
 .comment       0x0000007c       0x7d Core\Src\main.o
 .comment       0x0000007c       0x7d Core\Src\stm32l4xx_hal_msp.o
 .comment       0x0000007c       0x7d Core\Src\stm32l4xx_it.o
 .comment       0x0000007c       0x7d Core\Src\system_stm32l4xx.o
 .comment       0x0000007c       0x7d Core\Src\tim.o
 .comment       0x0000007c       0x7d Core\Src\usart.o
 .comment       0x0000007c       0x7d Drivers\STM32L4xx_HAL_Driver\Src\stm32l4xx_hal.o
 .comment       0x0000007c       0x7d Drivers\STM32L4xx_HAL_Driver\Src\stm32l4xx_hal_adc.o
 .comment       0x0000007c       0x7d Drivers\STM32L4xx_HAL_Driver\Src\stm32l4xx_hal_adc_ex.o
 .comment       0x0000007c       0x7d Drivers\STM32L4xx_HAL_Driver\Src\stm32l4xx_hal_cortex.o
 .comment       0x0000007c       0x7d Drivers\STM32L4xx_HAL_Driver\Src\stm32l4xx_hal_dac.o
 .comment       0x0000007c       0x7d Drivers\STM32L4xx_HAL_Driver\Src\stm32l4xx_hal_dac_ex.o
 .comment       0x0000007c       0x7d Drivers\STM32L4xx_HAL_Driver\Src\stm32l4xx_hal_dma.o
 .comment       0x0000007c       0x7d Drivers\STM32L4xx_HAL_Driver\Src\stm32l4xx_hal_gpio.o
 .comment       0x0000007c       0x7d Drivers\STM32L4xx_HAL_Driver\Src\stm32l4xx_hal_pwr_ex.o
 .comment       0x0000007c       0x7d Drivers\STM32L4xx_HAL_Driver\Src\stm32l4xx_hal_rcc.o
 .comment       0x0000007c       0x7d Drivers\STM32L4xx_HAL_Driver\Src\stm32l4xx_hal_rcc_ex.o
 .comment       0x0000007c       0x7d Drivers\STM32L4xx_HAL_Driver\Src\stm32l4xx_hal_tim.o
 .comment       0x0000007c       0x7d Drivers\STM32L4xx_HAL_Driver\Src\stm32l4xx_hal_tim_ex.o
 .comment       0x0000007c       0x7d Drivers\STM32L4xx_HAL_Driver\Src\stm32l4xx_hal_uart.o

.debug_frame    0x00000000     0x2bfc
 .debug_frame   0x00000000       0x70 Core\Src\adc.o
 .debug_frame   0x00000070       0x70 Core\Src\dac.o
 .debug_frame   0x000000e0       0x28 Core\Src\dma.o
 .debug_frame   0x00000108       0x30 Core\Src\gpio.o
 .debug_frame   0x00000138       0x60 Core\Src\main.o
 .debug_frame   0x00000198       0x28 Core\Src\stm32l4xx_hal_msp.o
 .debug_frame   0x000001c0       0xc0 Core\Src\stm32l4xx_it.o
 .debug_frame   0x00000280       0x38 Core\Src\system_stm32l4xx.o
 .debug_frame   0x000002b8       0x58 Core\Src\tim.o
 .debug_frame   0x00000310       0x60 Core\Src\usart.o
 .debug_frame   0x00000370      0x280 Drivers\STM32L4xx_HAL_Driver\Src\stm32l4xx_hal.o
 .debug_frame   0x000005f0      0x330 Drivers\STM32L4xx_HAL_Driver\Src\stm32l4xx_hal_adc.o
 .debug_frame   0x00000920      0x30c Drivers\STM32L4xx_HAL_Driver\Src\stm32l4xx_hal_adc_ex.o
 .debug_frame   0x00000c2c      0x158 Drivers\STM32L4xx_HAL_Driver\Src\stm32l4xx_hal_cortex.o
 .debug_frame   0x00000d84      0x1ec Drivers\STM32L4xx_HAL_Driver\Src\stm32l4xx_hal_dac.o
 .debug_frame   0x00000f70      0x14c Drivers\STM32L4xx_HAL_Driver\Src\stm32l4xx_hal_dac_ex.o
 .debug_frame   0x000010bc      0x140 Drivers\STM32L4xx_HAL_Driver\Src\stm32l4xx_hal_dma.o
 .debug_frame   0x000011fc       0xd8 Drivers\STM32L4xx_HAL_Driver\Src\stm32l4xx_hal_gpio.o
 .debug_frame   0x000012d4      0x288 Drivers\STM32L4xx_HAL_Driver\Src\stm32l4xx_hal_pwr_ex.o
 .debug_frame   0x0000155c      0x160 Drivers\STM32L4xx_HAL_Driver\Src\stm32l4xx_hal_rcc.o
 .debug_frame   0x000016bc      0x200 Drivers\STM32L4xx_HAL_Driver\Src\stm32l4xx_hal_rcc_ex.o
 .debug_frame   0x000018bc      0x95c Drivers\STM32L4xx_HAL_Driver\Src\stm32l4xx_hal_tim.o
 .debug_frame   0x00002218      0x3b0 Drivers\STM32L4xx_HAL_Driver\Src\stm32l4xx_hal_tim_ex.o
 .debug_frame   0x000025c8      0x588 Drivers\STM32L4xx_HAL_Driver\Src\stm32l4xx_hal_uart.o
 .debug_frame   0x00002b50       0x2c d:/programas/atollic truestudio/truestudio for stm32 9.3.0/armtools/bin/../lib/gcc/arm-atollic-eabi/6.3.1/../../../../arm-atollic-eabi/lib/armv7e-m/fpu\libc_nano.a(lib_a-init.o)
 .debug_frame   0x00002b7c       0x20 d:/programas/atollic truestudio/truestudio for stm32 9.3.0/armtools/bin/../lib/gcc/arm-atollic-eabi/6.3.1/../../../../arm-atollic-eabi/lib/armv7e-m/fpu\libc_nano.a(lib_a-memset.o)
 .debug_frame   0x00002b9c       0x2c d:/programas/atollic truestudio/truestudio for stm32 9.3.0/armtools/bin/../lib/gcc/arm-atollic-eabi/6.3.1/armv7e-m/fpu\libgcc.a(_aeabi_uldivmod.o)
 .debug_frame   0x00002bc8       0x34 d:/programas/atollic truestudio/truestudio for stm32 9.3.0/armtools/bin/../lib/gcc/arm-atollic-eabi/6.3.1/armv7e-m/fpu\libgcc.a(_udivmoddi4.o)
